2026-06-26 14:15:10,109 INFO __main__ — Arrancando IoT Estación Base
2026-06-26 14:15:10,126 INFO __main__ — Base de datos lista en /home/dda/Documents/FoT/src/station/data/iot.db
2026-06-26 14:15:10,127 INFO service.auth_service — No hay usuarios. Creando admin por defecto...
2026-06-26 14:15:10,554 WARNING service.auth_service — Admin creado: usuario='admin', contraseña='admin' — CAMBIA ESTA CONTRASEÑA
2026-06-26 14:15:10,558 INFO __main__ — MQTT broker local en localhost:1883
2026-06-26 14:15:10,628 INFO connection.mqtt_client — MQTT conectado a localhost:1883
2026-06-26 14:15:17,507 INFO service.auth_service — Login exitoso: admin (role=admin)
2026-06-26 14:15:17,509 INFO __main__ — Usuario autenticado: admin (role=admin)
2026-06-26 14:15:17,509 INFO __main__ — Cargando boards para usuario admin
2026-06-26 14:15:18,221 INFO __main__ — UI lista, entrando en mainloop
2026-06-26 14:15:34,431 INFO ui.main_window — Escanear Bluetooth — no implementado
2026-06-26 14:15:36,420 INFO ui.main_window — Escanear WiFi — no implementado
2026-06-26 14:17:08,749 INFO __main__ — Cerrando IoT Estación Base
2026-06-26 14:17:08,772 INFO __main__ — IoT Estación Base cerrada
2026-06-26 14:18:32,687 INFO __main__ — Arrancando IoT Estación Base
2026-06-26 14:18:32,688 INFO __main__ — Base de datos lista en /home/dda/Documents/FoT/src/station/data/iot.db
2026-06-26 14:18:32,692 INFO __main__ — MQTT broker local en localhost:1883
2026-06-26 14:18:32,693 INFO connection.mqtt_client — MQTT conectado a localhost:1883
2026-06-26 14:18:41,764 INFO service.auth_service — Login exitoso: admin (role=admin)
2026-06-26 14:18:41,766 INFO __main__ — Usuario autenticado: admin (role=admin)
2026-06-26 14:18:41,766 INFO __main__ — Cargando boards para usuario admin
2026-06-26 14:18:42,460 INFO __main__ — UI lista, entrando en mainloop
2026-06-26 14:18:52,104 INFO __main__ — Cerrando IoT Estación Base
2026-06-26 14:18:52,806 INFO __main__ — IoT Estación Base cerrada
2026-06-26 14:20:42,818 INFO __main__ — Arrancando IoT Estación Base
2026-06-26 14:20:42,819 INFO __main__ — Base de datos lista en /home/dda/Documents/FoT/src/station/data/iot.db
2026-06-26 14:20:42,824 INFO __main__ — MQTT broker local en localhost:1883
2026-06-26 14:20:42,824 INFO connection.mqtt_client — MQTT conectado a localhost:1883
2026-06-26 14:20:49,367 INFO service.auth_service — Login exitoso: admin (role=admin)
2026-06-26 14:20:49,369 INFO __main__ — Usuario autenticado: admin (role=admin)
2026-06-26 14:20:49,369 INFO __main__ — Cargando boards para usuario admin
2026-06-26 14:20:50,075 INFO __main__ — UI lista, entrando en mainloop
2026-06-26 14:21:00,105 INFO __main__ — Cerrando IoT Estación Base
2026-06-26 14:21:00,935 INFO __main__ — IoT Estación Base cerrada
2026-06-26 14:28:21,214 INFO __main__ — Arrancando IoT Estación Base
2026-06-26 14:28:21,215 INFO __main__ — Base de datos lista en /home/dda/Documents/FoT/src/station/data/iot.db
2026-06-26 14:28:21,219 INFO __main__ — MQTT broker local en localhost:1883
2026-06-26 14:28:21,219 INFO connection.mqtt_client — MQTT conectado a localhost:1883
2026-06-26 14:28:26,928 INFO service.auth_service — Login exitoso: admin (role=admin)
2026-06-26 14:28:26,930 INFO __main__ — Usuario autenticado: admin (role=admin)
2026-06-26 14:28:26,930 INFO __main__ — Cargando boards para usuario admin
2026-06-26 14:28:27,634 INFO __main__ — UI lista, entrando en mainloop
2026-06-26 14:29:33,063 INFO __main__ — Arrancando IoT Estación Base
2026-06-26 14:29:33,064 INFO __main__ — Base de datos lista en /home/dda/Documents/FoT/src/station/data/iot.db
2026-06-26 14:29:33,067 INFO __main__ — MQTT broker local en localhost:1883
2026-06-26 14:29:33,068 INFO connection.mqtt_client — MQTT conectado a localhost:1883
2026-06-26 14:29:42,394 INFO service.auth_service — Login exitoso: admin (role=admin)
2026-06-26 14:29:42,397 INFO __main__ — Usuario autenticado: admin (role=admin)
2026-06-26 14:29:42,397 INFO __main__ — Cargando boards para usuario admin
2026-06-26 14:29:43,098 INFO __main__ — UI lista, entrando en mainloop
2026-06-26 14:31:05,941 INFO __main__ — Arrancando IoT Estación Base
2026-06-26 14:31:05,942 INFO __main__ — Base de datos lista en /home/dda/Documents/FoT/src/station/data/iot.db
2026-06-26 14:31:05,946 INFO __main__ — MQTT broker local en localhost:1883
2026-06-26 14:31:05,947 INFO connection.mqtt_client — MQTT conectado a localhost:1883
2026-06-26 14:31:11,226 INFO service.auth_service — Login exitoso: admin (role=admin)
2026-06-26 14:31:11,229 INFO __main__ — Usuario autenticado: admin (role=admin)
2026-06-26 14:31:11,233 INFO __main__ — Cargando boards para usuario admin
2026-06-26 14:31:11,961 INFO __main__ — UI lista, entrando en mainloop
2026-06-26 14:31:46,528 INFO __main__ — Cerrando IoT Estación Base
2026-06-26 14:31:47,075 INFO __main__ — IoT Estación Base cerrada
2026-06-26 14:32:31,076 INFO __main__ — Arrancando IoT Estación Base
2026-06-26 14:32:31,077 INFO __main__ — Base de datos lista en /home/dda/Documents/FoT/src/station/data/iot.db
2026-06-26 14:32:31,082 INFO __main__ — MQTT broker local en localhost:1883
2026-06-26 14:32:31,083 INFO connection.mqtt_client — MQTT conectado a localhost:1883
2026-06-26 14:32:42,285 INFO service.auth_service — Login exitoso: admin (role=admin)
2026-06-26 14:32:42,287 INFO __main__ — Usuario autenticado: admin (role=admin)
2026-06-26 14:32:42,287 INFO __main__ — Cargando boards para usuario admin
2026-06-26 14:32:42,987 INFO __main__ — UI lista, entrando en mainloop
2026-06-26 14:33:08,480 INFO service.auth_service — Usuario registrado: dda (id=2, role=user)
2026-06-26 14:33:12,180 INFO __main__ — Cerrando IoT Estación Base
2026-06-26 14:33:12,218 INFO __main__ — IoT Estación Base cerrada
2026-06-26 14:33:13,728 INFO __main__ — Arrancando IoT Estación Base
2026-06-26 14:33:13,729 INFO __main__ — Base de datos lista en /home/dda/Documents/FoT/src/station/data/iot.db
2026-06-26 14:33:13,733 INFO __main__ — MQTT broker local en localhost:1883
2026-06-26 14:33:13,802 INFO connection.mqtt_client — MQTT conectado a localhost:1883
2026-06-26 14:33:22,783 INFO service.auth_service — Login exitoso: dda (role=user)
2026-06-26 14:33:22,785 INFO __main__ — Usuario autenticado: dda (role=user)
2026-06-26 14:33:22,785 INFO __main__ — Cargando boards para usuario dda
2026-06-26 14:33:23,446 INFO __main__ — UI lista, entrando en mainloop
2026-06-26 14:33:31,971 INFO __main__ — Cerrando IoT Estación Base
2026-06-26 14:33:32,844 INFO __main__ — IoT Estación Base cerrada
2026-06-26 14:34:25,615 INFO __main__ — Arrancando IoT Estación Base
2026-06-26 14:34:25,616 INFO __main__ — Base de datos lista en /home/dda/Documents/FoT/src/station/data/iot.db
2026-06-26 14:34:25,620 INFO __main__ — MQTT broker local en localhost:1883
2026-06-26 14:34:25,689 INFO connection.mqtt_client — MQTT conectado a localhost:1883
2026-06-26 14:34:31,052 INFO service.auth_service — Login exitoso: admin (role=admin)
2026-06-26 14:34:31,054 INFO __main__ — Usuario autenticado: admin (role=admin)
2026-06-26 14:34:31,054 INFO __main__ — Cargando boards para usuario admin
2026-06-26 14:34:31,807 INFO __main__ — UI lista, entrando en mainloop
2026-06-26 14:34:57,145 INFO __main__ — Cerrando IoT Estación Base
2026-06-26 14:34:57,742 INFO __main__ — IoT Estación Base cerrada
2026-06-26 14:35:32,166 INFO __main__ — Arrancando IoT Estación Base
2026-06-26 14:35:32,167 INFO __main__ — Base de datos lista en /home/dda/Documents/FoT/src/station/data/iot.db
2026-06-26 14:35:32,171 INFO __main__ — MQTT broker local en localhost:1883
2026-06-26 14:35:32,172 INFO connection.mqtt_client — MQTT conectado a localhost:1883
2026-06-26 14:35:40,591 INFO __main__ — Login cancelado, saliendo
2026-06-26 14:35:43,288 INFO __main__ — Arrancando IoT Estación Base
2026-06-26 14:35:43,288 INFO __main__ — Base de datos lista en /home/dda/Documents/FoT/src/station/data/iot.db
2026-06-26 14:35:43,292 INFO __main__ — MQTT broker local en localhost:1883
2026-06-26 14:35:43,360 INFO connection.mqtt_client — MQTT conectado a localhost:1883
2026-06-26 14:35:52,962 INFO __main__ — Login cancelado, saliendo
2026-06-26 14:42:04,587 INFO __main__ — Arrancando IoT Estación Base
2026-06-26 14:42:04,588 INFO __main__ — Base de datos lista en /home/dda/Documents/FoT/src/station/data/iot.db
2026-06-26 14:42:04,591 INFO __main__ — MQTT broker local en localhost:1883
2026-06-26 14:42:04,592 INFO connection.mqtt_client — MQTT conectado a localhost:1883
2026-06-26 14:42:05,621 INFO __main__ — Login cancelado, saliendo
2026-06-26 14:43:08,976 INFO __main__ — Arrancando IoT Estación Base
2026-06-26 14:43:08,977 INFO __main__ — Base de datos lista en /home/dda/Documents/FoT/src/station/data/iot.db
2026-06-26 14:43:08,981 INFO __main__ — MQTT broker local en localhost:1883
2026-06-26 14:43:09,050 INFO connection.mqtt_client — MQTT conectado a localhost:1883
2026-06-26 14:43:22,082 INFO __main__ — Arrancando IoT Estación Base
2026-06-26 14:43:22,083 INFO __main__ — Base de datos lista en /home/dda/Documents/FoT/src/station/data/iot.db
2026-06-26 14:43:22,088 INFO __main__ — MQTT broker local en localhost:1883
2026-06-26 14:43:22,161 INFO connection.mqtt_client — MQTT conectado a localhost:1883
2026-06-26 14:43:30,752 INFO __main__ — Login cancelado, saliendo
2026-06-26 14:43:34,300 INFO __main__ — Arrancando IoT Estación Base
2026-06-26 14:43:34,300 INFO __main__ — Base de datos lista en /home/dda/Documents/FoT/src/station/data/iot.db
2026-06-26 14:43:34,304 INFO __main__ — MQTT broker local en localhost:1883
2026-06-26 14:43:34,373 INFO connection.mqtt_client — MQTT conectado a localhost:1883
2026-06-26 14:43:41,615 INFO service.auth_service — Login exitoso: admin (role=admin)
2026-06-26 14:43:41,617 INFO __main__ — Usuario autenticado: admin (role=admin)
2026-06-26 14:43:41,617 INFO __main__ — Cargando boards para usuario admin
2026-06-26 14:43:42,344 INFO __main__ — UI lista, entrando en mainloop
2026-06-26 14:43:44,047 INFO __main__ — Cerrando IoT Estación Base
2026-06-26 14:43:44,407 INFO __main__ — IoT Estación Base cerrada
2026-06-26 14:44:27,698 INFO __main__ — Arrancando IoT Estación Base
2026-06-26 14:44:27,699 INFO __main__ — Base de datos lista en /home/dda/Documents/FoT/src/station/data/iot.db
2026-06-26 14:44:27,703 INFO __main__ — MQTT broker local en localhost:1883
2026-06-26 14:44:27,703 INFO connection.mqtt_client — MQTT conectado a localhost:1883
2026-06-26 14:44:30,926 INFO __main__ — Login cancelado, saliendo
2026-06-26 14:44:33,256 INFO __main__ — Arrancando IoT Estación Base
2026-06-26 14:44:33,257 INFO __main__ — Base de datos lista en /home/dda/Documents/FoT/src/station/data/iot.db
2026-06-26 14:44:33,261 INFO __main__ — MQTT broker local en localhost:1883
2026-06-26 14:44:33,262 INFO connection.mqtt_client — MQTT conectado a localhost:1883
2026-06-26 14:44:35,875 INFO __main__ — Login cancelado, saliendo
2026-06-26 14:44:50,996 INFO __main__ — Arrancando IoT Estación Base
2026-06-26 14:44:50,998 INFO __main__ — Base de datos lista en /home/dda/Documents/FoT/src/station/data/iot.db
2026-06-26 14:44:51,002 INFO __main__ — MQTT broker local en localhost:1883
2026-06-26 14:44:51,070 INFO connection.mqtt_client — MQTT conectado a localhost:1883
2026-06-26 14:44:54,438 INFO __main__ — Login cancelado, saliendo
2026-06-26 14:47:11,414 INFO __main__ — Arrancando IoT Estación Base
2026-06-26 14:47:11,415 INFO __main__ — Base de datos lista en /home/dda/Documents/FoT/src/station/data/iot.db
2026-06-26 14:47:11,419 INFO __main__ — MQTT broker local en localhost:1883
2026-06-26 14:47:11,419 INFO connection.mqtt_client — MQTT conectado a localhost:1883
2026-06-26 14:47:21,172 INFO service.auth_service — Login exitoso: admin (role=admin)
2026-06-26 14:47:21,174 INFO __main__ — Usuario autenticado: admin (role=admin)
2026-06-26 14:47:21,174 INFO __main__ — Cargando boards para usuario admin
2026-06-26 14:47:21,895 INFO __main__ — UI lista, entrando en mainloop
2026-06-26 14:48:37,501 INFO __main__ — Arrancando IoT Estación Base
2026-06-26 14:48:37,502 INFO __main__ — Base de datos lista en /home/dda/Documents/FoT/src/station/data/iot.db
2026-06-26 14:48:37,506 INFO __main__ — MQTT broker local en localhost:1883
2026-06-26 14:48:37,576 INFO connection.mqtt_client — MQTT conectado a localhost:1883
2026-06-26 14:48:51,266 INFO __main__ — Arrancando IoT Estación Base
2026-06-26 14:48:51,266 INFO __main__ — Base de datos lista en /home/dda/Documents/FoT/src/station/data/iot.db
2026-06-26 14:48:51,270 INFO __main__ — MQTT broker local en localhost:1883
2026-06-26 14:48:51,338 INFO connection.mqtt_client — MQTT conectado a localhost:1883
2026-06-26 14:49:03,478 INFO __main__ — Arrancando IoT Estación Base
2026-06-26 14:49:03,479 INFO __main__ — Base de datos lista en /home/dda/Documents/FoT/src/station/data/iot.db
2026-06-26 14:49:03,483 INFO __main__ — MQTT broker local en localhost:1883
2026-06-26 14:49:03,483 INFO connection.mqtt_client — MQTT conectado a localhost:1883
2026-06-26 14:49:06,113 INFO __main__ — Login cancelado, saliendo
2026-06-26 14:51:02,980 INFO __main__ — Arrancando IoT Estación Base
2026-06-26 14:51:02,981 INFO __main__ — Base de datos lista en /home/dda/Documents/FoT/src/station/data/iot.db
2026-06-26 14:51:02,985 INFO __main__ — MQTT broker local en localhost:1883
2026-06-26 14:51:02,985 INFO connection.mqtt_client — MQTT conectado a localhost:1883
2026-06-26 14:51:06,293 INFO __main__ — Login cancelado, saliendo
2026-06-26 14:54:25,309 INFO __main__ — Arrancando IoT Estación Base
2026-06-26 14:54:25,310 INFO __main__ — Base de datos lista en /home/dda/Documents/FoT/src/station/data/iot.db
2026-06-26 14:54:25,313 INFO __main__ — MQTT broker local en localhost:1883
2026-06-26 14:54:25,382 INFO connection.mqtt_client — MQTT conectado a localhost:1883
2026-06-26 14:54:44,722 INFO __main__ — Arrancando IoT Estación Base
2026-06-26 14:54:44,723 INFO __main__ — Base de datos lista en /home/dda/Documents/FoT/src/station/data/iot.db
2026-06-26 14:54:44,727 INFO __main__ — MQTT broker local en localhost:1883
2026-06-26 14:54:44,795 INFO connection.mqtt_client — MQTT conectado a localhost:1883
2026-06-26 14:54:55,829 INFO __main__ — Arrancando IoT Estación Base
2026-06-26 14:54:55,830 INFO __main__ — Base de datos lista en /home/dda/Documents/FoT/src/station/data/iot.db
2026-06-26 14:54:55,834 INFO __main__ — MQTT broker local en localhost:1883
2026-06-26 14:54:55,834 INFO connection.mqtt_client — MQTT conectado a localhost:1883
2026-06-26 14:54:59,470 INFO __main__ — Login cancelado, saliendo
2026-06-26 14:56:41,877 INFO __main__ — Arrancando IoT Estación Base
2026-06-26 14:56:41,878 INFO __main__ — Base de datos lista en /home/dda/Documents/FoT/src/station/data/iot.db
2026-06-26 14:56:41,882 INFO __main__ — MQTT broker local en localhost:1883
2026-06-26 14:56:41,950 INFO connection.mqtt_client — MQTT conectado a localhost:1883
2026-06-26 14:57:21,544 INFO __main__ — Login cancelado, saliendo
2026-06-26 15:01:55,285 INFO __main__ — Arrancando IoT Estación Base
2026-06-26 15:01:55,286 INFO __main__ — Base de datos lista en /home/dda/Documents/FoT/src/station/data/iot.db
2026-06-26 15:01:55,290 INFO __main__ — MQTT broker local en localhost:1883
2026-06-26 15:01:55,360 INFO connection.mqtt_client — MQTT conectado a localhost:1883
2026-06-26 15:01:55,531 INFO __main__ — UI lista, entrando en mainloop (login)
2026-06-26 15:02:03,002 INFO __main__ — Login cancelado, saliendo
2026-06-26 15:02:10,961 INFO __main__ — Arrancando IoT Estación Base
2026-06-26 15:02:10,962 INFO __main__ — Base de datos lista en /home/dda/Documents/FoT/src/station/data/iot.db
2026-06-26 15:02:10,966 INFO __main__ — MQTT broker local en localhost:1883
2026-06-26 15:02:11,035 INFO connection.mqtt_client — MQTT conectado a localhost:1883
2026-06-26 15:02:11,210 INFO __main__ — UI lista, entrando en mainloop (login)
2026-06-26 15:02:23,497 INFO service.auth_service — Login exitoso: admin (role=admin)
2026-06-26 15:02:23,501 INFO __main__ — Usuario autenticado: admin (role=admin)
2026-06-26 15:02:23,501 INFO __main__ — Cargando boards para usuario admin
2026-06-26 15:02:24,255 INFO __main__ — UI lista, entrando en mainloop
2026-06-26 15:02:40,808 INFO __main__ — Cerrando IoT Estación Base
2026-06-26 15:02:41,087 INFO __main__ — IoT Estación Base cerrada
2026-06-26 15:02:54,420 INFO __main__ — Arrancando IoT Estación Base
2026-06-26 15:02:54,421 INFO __main__ — Base de datos lista en /home/dda/Documents/FoT/src/station/data/iot.db
2026-06-26 15:02:54,425 INFO __main__ — MQTT broker local en localhost:1883
2026-06-26 15:02:54,425 INFO connection.mqtt_client — MQTT conectado a localhost:1883
2026-06-26 15:02:54,675 INFO __main__ — UI lista, entrando en mainloop (login)
2026-06-26 15:03:00,321 INFO service.auth_service — Login exitoso: admin (role=admin)
2026-06-26 15:03:00,327 INFO __main__ — Usuario autenticado: admin (role=admin)
2026-06-26 15:03:00,327 INFO __main__ — Cargando boards para usuario admin
2026-06-26 15:03:01,050 INFO __main__ — UI lista, entrando en mainloop
2026-06-26 15:03:06,180 INFO __main__ — Cerrando IoT Estación Base
2026-06-26 15:03:06,527 INFO __main__ — IoT Estación Base cerrada
2026-06-26 15:04:18,509 INFO __main__ — Arrancando IoT Estación Base
2026-06-26 15:04:18,510 INFO __main__ — Base de datos lista en /home/dda/Documents/FoT/src/station/data/iot.db
2026-06-26 15:04:18,514 INFO __main__ — MQTT broker local en localhost:1883
2026-06-26 15:04:18,582 INFO connection.mqtt_client — MQTT conectado a localhost:1883
2026-06-26 15:04:18,775 INFO __main__ — UI lista, entrando en mainloop (login)
2026-06-26 15:04:25,785 INFO service.auth_service — Login exitoso: admin (role=admin)
2026-06-26 15:04:25,790 INFO __main__ — Usuario autenticado: admin (role=admin)
2026-06-26 15:04:25,790 INFO __main__ — Cargando boards para usuario admin
2026-06-26 15:04:26,513 INFO __main__ — UI lista, entrando en mainloop
2026-06-26 16:49:40,749 INFO __main__ — Arrancando IoT Estación Base
2026-06-26 16:49:40,751 INFO __main__ — Base de datos lista en /home/dda/Documents/FoT/src/station/data/iot.db
2026-06-26 16:49:40,756 INFO __main__ — MQTT broker local en localhost:1883
2026-06-26 16:49:40,833 INFO connection.mqtt_client — MQTT conectado a localhost:1883
2026-06-26 16:49:41,009 INFO __main__ — UI lista, entrando en mainloop (login)
2026-06-26 16:49:48,968 INFO service.auth_service — Login exitoso: admin (role=admin)
2026-06-26 16:49:48,973 INFO __main__ — Usuario autenticado: admin (role=admin)
2026-06-26 16:49:48,973 INFO __main__ — Cargando boards para usuario admin
2026-06-26 16:49:49,713 INFO __main__ — UI lista, entrando en mainloop
2026-06-26 16:50:36,667 INFO __main__ — Cerrando IoT Estación Base
2026-06-26 16:50:36,916 INFO __main__ — IoT Estación Base cerrada
2026-06-26 16:52:25,418 INFO __main__ — Arrancando IoT Estación Base
2026-06-26 16:52:25,419 INFO __main__ — Base de datos lista en /home/dda/Documents/FoT/src/station/data/iot.db
2026-06-26 16:52:25,423 INFO __main__ — MQTT broker local en localhost:1883
2026-06-26 16:52:25,424 INFO connection.mqtt_client — MQTT conectado a localhost:1883
2026-06-26 16:52:25,670 INFO __main__ — UI lista, entrando en mainloop (login)
2026-06-26 16:52:31,357 INFO service.auth_service — Login exitoso: admin (role=admin)
2026-06-26 16:52:31,365 INFO __main__ — Usuario autenticado: admin (role=admin)
2026-06-26 16:52:31,365 INFO __main__ — Cargando boards para usuario admin
2026-06-26 16:52:32,092 INFO __main__ — UI lista, entrando en mainloop
2026-06-26 16:56:21,475 INFO __main__ — Cerrando IoT Estación Base
2026-06-26 16:56:21,761 INFO __main__ — IoT Estación Base cerrada
2026-06-26 17:02:41,080 INFO __main__ — Arrancando IoT Estación Base
2026-06-26 17:02:41,081 INFO __main__ — Base de datos lista en /home/dda/Documents/FoT/src/station/data/iot.db
2026-06-26 17:02:41,085 INFO __main__ — MQTT broker local en localhost:1883
2026-06-26 17:02:41,086 INFO connection.mqtt_client — MQTT conectado a localhost:1883
2026-06-26 17:02:41,338 INFO __main__ — UI lista, entrando en mainloop (login)
2026-06-26 17:02:42,603 INFO __main__ — Login cancelado, saliendo
2026-06-26 17:03:04,201 INFO __main__ — Arrancando IoT Estación Base
2026-06-26 17:03:04,219 INFO __main__ — Base de datos lista en /home/dda/Documents/FoT/src/station/data/iot.db
2026-06-26 17:03:04,219 INFO service.auth_service — No hay usuarios. Creando admin por defecto...
2026-06-26 17:03:04,646 WARNING service.auth_service — Admin creado: usuario='admin', contraseña='admin' — CAMBIA ESTA CONTRASEÑA
2026-06-26 17:03:04,651 INFO __main__ — MQTT broker local en localhost:1883
2026-06-26 17:03:04,719 INFO connection.mqtt_client — MQTT conectado a localhost:1883
2026-06-26 17:03:04,919 INFO __main__ — UI lista, entrando en mainloop (login)
2026-06-26 17:03:12,033 INFO service.auth_service — Login exitoso: admin (role=admin)
2026-06-26 17:03:12,041 INFO __main__ — Usuario autenticado: admin (role=admin)
2026-06-26 17:03:12,042 INFO __main__ — Cargando boards para usuario admin
2026-06-26 17:03:12,795 INFO __main__ — UI lista, entrando en mainloop
2026-06-26 17:14:38,906 INFO __main__ — Arrancando IoT Estación Base
2026-06-26 17:16:01,320 INFO __main__ — Arrancando IoT Estación Base
2026-06-26 17:16:28,521 INFO __main__ — Arrancando IoT Estación Base
2026-06-26 17:17:17,108 INFO __main__ — Arrancando IoT Estación Base
2026-06-26 17:17:17,127 INFO __main__ — Base de datos lista en /home/dda/Documents/FoT/src/station/data/iot.db
2026-06-26 17:17:17,127 INFO service.auth_service — No hay usuarios. Creando admin por defecto...
2026-06-26 17:17:17,554 WARNING service.auth_service — Admin creado: usuario='admin', contraseña='admin' — CAMBIA ESTA CONTRASEÑA
2026-06-26 17:17:17,558 INFO __main__ — MQTT broker local en localhost:1883
2026-06-26 17:17:17,626 INFO connection.mqtt_client — MQTT conectado a localhost:1883
2026-06-26 17:17:17,801 INFO __main__ — UI lista, entrando en mainloop (login)
2026-06-26 17:17:53,697 INFO __main__ — Login cancelado, saliendo
2026-06-26 17:18:13,497 INFO __main__ — Arrancando IoT Estación Base
2026-06-26 17:18:13,498 INFO __main__ — Base de datos lista en /home/dda/Documents/FoT/src/station/data/iot.db
2026-06-26 17:18:13,503 INFO __main__ — MQTT broker local en localhost:1883
2026-06-26 17:18:13,574 INFO connection.mqtt_client — MQTT conectado a localhost:1883
2026-06-26 17:18:13,804 INFO __main__ — UI lista, entrando en mainloop (login)
2026-06-26 17:18:19,949 INFO service.auth_service — Login exitoso: admin (role=admin)
2026-06-26 17:18:19,956 INFO __main__ — Usuario autenticado: admin (role=admin)
2026-06-26 17:18:19,956 INFO __main__ — Cargando boards para usuario admin
2026-06-26 17:18:20,759 INFO __main__ — UI lista, entrando en mainloop
2026-06-26 17:18:33,163 INFO service.auth_service — Usuario registrado: dda (id=2, role=user)
2026-06-26 17:19:14,729 INFO __main__ — Cerrando IoT Estación Base
2026-06-26 17:19:15,667 INFO __main__ — IoT Estación Base cerrada
2026-06-26 17:21:56,700 INFO __main__ — Arrancando IoT Estación Base
2026-06-26 17:21:56,716 INFO __main__ — Base de datos lista en /home/dda/Documents/FoT/src/station/data/iot.db
2026-06-26 17:21:56,716 INFO service.auth_service — No hay usuarios. Creando admin por defecto...
2026-06-26 17:21:57,143 WARNING service.auth_service — Admin creado: usuario='admin', contraseña='admin' — CAMBIA ESTA CONTRASEÑA
2026-06-26 17:21:57,147 INFO __main__ — MQTT broker local en localhost:1883
2026-06-26 17:21:57,216 INFO connection.mqtt_client — MQTT conectado a localhost:1883
2026-06-26 17:21:57,391 INFO __main__ — UI lista, entrando en mainloop (login)
2026-06-26 17:22:03,547 INFO service.auth_service — Login exitoso: admin (role=admin)
2026-06-26 17:22:03,553 INFO __main__ — Usuario autenticado: admin (role=admin)
2026-06-26 17:22:03,553 INFO __main__ — Cargando boards para usuario admin
2026-06-26 17:22:04,365 INFO __main__ — UI lista, entrando en mainloop
2026-06-26 17:22:16,333 INFO service.auth_service — Usuario registrado: dda (id=2, role=user)
2026-06-26 17:22:18,713 INFO service.auth_service — Cuenta desactivada: usuario id=2 (por admin admin)
2026-06-26 17:22:20,203 INFO service.auth_service — Cuenta activada: usuario id=2 (por admin admin)
2026-06-26 17:22:20,841 INFO service.auth_service — Cuenta desactivada: usuario id=2 (por admin admin)
2026-06-26 17:22:22,005 INFO service.auth_service — Cuenta activada: usuario id=2 (por admin admin)
2026-06-26 17:22:23,933 INFO service.auth_service — Admin admin reseteó password de usuario id=2
2026-06-26 17:22:38,889 INFO __main__ — Cerrando IoT Estación Base
2026-06-26 17:22:39,286 INFO __main__ — IoT Estación Base cerrada
2026-06-26 17:22:40,986 INFO __main__ — Arrancando IoT Estación Base
2026-06-26 17:22:40,987 INFO __main__ — Base de datos lista en /home/dda/Documents/FoT/src/station/data/iot.db
2026-06-26 17:22:40,992 INFO __main__ — MQTT broker local en localhost:1883
2026-06-26 17:22:40,992 INFO connection.mqtt_client — MQTT conectado a localhost:1883
2026-06-26 17:22:41,237 INFO __main__ — UI lista, entrando en mainloop (login)
2026-06-26 17:22:45,637 INFO service.auth_service — Login exitoso: dda (role=user)
2026-06-26 17:22:45,644 INFO __main__ — Usuario autenticado: dda (role=user)
2026-06-26 17:22:45,645 INFO __main__ — Cargando boards para usuario dda
2026-06-26 17:22:46,383 INFO __main__ — UI lista, entrando en mainloop
2026-06-26 17:29:20,533 INFO __main__ — Cerrando IoT Estación Base
2026-06-26 17:29:21,481 INFO __main__ — IoT Estación Base cerrada
2026-06-27 07:11:23,122 INFO __main__ — Arrancando IoT Estación Base
2026-06-27 07:11:23,125 INFO __main__ — Base de datos lista en /home/dda/Documents/FoT/src/station/data/iot.db
2026-06-27 07:11:23,132 INFO __main__ — MQTT broker local en localhost:1883
2026-06-27 07:11:23,232 INFO connection.mqtt_client — MQTT conectado a localhost:1883
2026-06-27 07:11:23,511 INFO __main__ — UI lista, entrando en mainloop (login)
2026-06-27 07:16:30,565 INFO service.auth_service — Login exitoso: admin (role=admin)
2026-06-27 07:16:30,571 INFO __main__ — Usuario autenticado: admin (role=admin)
2026-06-27 07:16:30,571 INFO __main__ — Cargando boards para usuario admin
2026-06-27 07:16:31,429 INFO __main__ — UI lista, entrando en mainloop
2026-06-27 07:17:21,789 INFO __main__ — Cerrando IoT Estación Base
2026-06-27 07:17:22,632 INFO __main__ — IoT Estación Base cerrada
2026-06-28 13:36:18,328 INFO __main__ — Arrancando IoT Estación Base
2026-06-28 13:36:18,331 INFO __main__ — Base de datos lista en /home/dda/Documents/FoT/src/station/data/iot.db
2026-06-28 13:36:18,336 INFO __main__ — MQTT broker local en localhost:1883
2026-06-28 13:36:18,414 INFO connection.mqtt_client — MQTT conectado a localhost:1883
2026-06-28 13:36:18,594 INFO __main__ — UI lista, entrando en mainloop (login)
2026-06-28 13:36:27,454 INFO service.auth_service — Login exitoso: admin (role=admin)
2026-06-28 13:36:27,459 INFO __main__ — Usuario autenticado: admin (role=admin)
2026-06-28 13:36:27,459 INFO __main__ — Cargando boards para usuario admin
2026-06-28 13:36:28,233 INFO __main__ — UI lista, entrando en mainloop
2026-06-28 13:37:48,350 INFO __main__ — Cerrando IoT Estación Base
2026-06-28 13:37:48,530 INFO __main__ — IoT Estación Base cerrada
2026-06-28 13:38:11,547 INFO __main__ — Arrancando IoT Estación Base
2026-06-28 13:38:11,548 INFO __main__ — Base de datos lista en /home/dda/Documents/FoT/src/station/data/iot.db
2026-06-28 13:38:11,552 INFO __main__ — MQTT broker local en localhost:1883
2026-06-28 13:38:11,620 INFO connection.mqtt_client — MQTT conectado a localhost:1883
2026-06-28 13:38:11,791 INFO __main__ — UI lista, entrando en mainloop (login)
2026-06-28 13:38:18,506 INFO service.auth_service — Login exitoso: admin (role=admin)
2026-06-28 13:38:18,514 INFO __main__ — Usuario autenticado: admin (role=admin)
2026-06-28 13:38:18,514 INFO __main__ — Cargando boards para usuario admin
2026-06-28 13:38:19,293 INFO __main__ — UI lista, entrando en mainloop
2026-06-28 13:53:15,642 INFO __main__ — Arrancando IoT Estación Base
2026-06-28 13:53:15,649 INFO __main__ — Base de datos lista en /home/dda/Documents/FoT/src/station/data/iot.db
2026-06-28 13:53:15,653 INFO __main__ — MQTT broker local en localhost:1883
2026-06-28 13:53:15,721 INFO connection.mqtt_client — MQTT conectado a localhost:1883
2026-06-28 13:53:15,891 INFO __main__ — UI lista, entrando en mainloop (login)
2026-06-28 13:53:24,931 INFO service.auth_service — Login exitoso: admin (role=admin)
2026-06-28 13:53:24,939 INFO __main__ — Usuario autenticado: admin (role=admin)
2026-06-28 13:53:24,939 INFO __main__ — Cargando boards para usuario admin
2026-06-28 13:53:25,810 INFO ui.widgets.notification_manager — Notificación [success]: Sesión iniciada — Bienvenido, admin
2026-06-28 13:53:25,810 INFO __main__ — UI lista, entrando en mainloop
2026-06-28 13:53:29,396 INFO ui.main_window — Campana de notificaciones clickeada
2026-06-28 13:53:30,505 INFO ui.main_window — Campana de notificaciones clickeada
2026-06-28 13:53:44,809 INFO ui.panels.settings_panel — Pantalla completa: True
2026-06-28 13:53:49,700 INFO ui.panels.settings_panel — Tema cambiado a: light
2026-06-28 13:53:55,185 INFO ui.panels.settings_panel — Tema cambiado a: system
2026-06-28 13:54:03,708 INFO ui.panels.settings_panel — Pantalla completa: False
2026-06-28 13:54:15,546 INFO __main__ — Cerrando IoT Estación Base
2026-06-28 13:54:15,808 INFO __main__ — IoT Estación Base cerrada
2026-06-28 15:06:18,099 INFO __main__ — Arrancando IoT Estación Base
2026-06-28 15:06:18,100 INFO __main__ — Base de datos lista en /home/dda/Documents/FoT/src/station/data/iot.db
2026-06-28 15:06:18,104 INFO __main__ — MQTT broker local en localhost:1883
2026-06-28 15:06:18,156 INFO connection.mqtt_client — MQTT conectado a localhost:1883
2026-06-28 15:06:18,258 INFO __main__ — UI lista, entrando en mainloop (login)
2026-06-28 15:06:33,814 INFO service.auth_service — Login exitoso: admin (role=admin)
2026-06-28 15:06:33,818 INFO __main__ — Usuario autenticado: admin (role=admin)
2026-06-28 15:06:33,818 INFO __main__ — Cargando boards para usuario admin
2026-06-28 15:06:34,330 INFO ui.widgets.notification_manager — Notificación [success]: Sesión iniciada — Bienvenido, admin
2026-06-28 15:06:34,331 INFO __main__ — UI lista, entrando en mainloop
2026-06-28 15:06:39,815 INFO service.auth_service — Admin admin reseteó password de usuario id=2
2026-06-28 15:06:39,853 INFO ui.widgets.notification_manager — Notificación [warning]: Contraseña reseteada — Contraseña temporal generada para dda
2026-06-28 15:06:47,486 INFO __main__ — Cerrando IoT Estación Base
2026-06-28 15:06:48,203 INFO __main__ — IoT Estación Base cerrada
2026-06-28 15:06:50,493 INFO __main__ — Arrancando IoT Estación Base
2026-06-28 15:06:50,494 INFO __main__ — Base de datos lista en /home/dda/Documents/FoT/src/station/data/iot.db
2026-06-28 15:06:50,497 INFO __main__ — MQTT broker local en localhost:1883
2026-06-28 15:06:50,540 INFO connection.mqtt_client — MQTT conectado a localhost:1883
2026-06-28 15:06:50,650 INFO __main__ — UI lista, entrando en mainloop (login)
2026-06-28 15:06:56,308 INFO service.auth_service — Login exitoso: dda (role=user)
2026-06-28 15:06:56,316 INFO __main__ — Usuario autenticado: dda (role=user)
2026-06-28 15:06:56,316 INFO __main__ — Cargando boards para usuario dda
2026-06-28 15:06:56,803 INFO ui.widgets.notification_manager — Notificación [success]: Sesión iniciada — Bienvenido, dda
2026-06-28 15:06:56,804 INFO __main__ — UI lista, entrando en mainloop
2026-06-28 15:07:14,213 INFO ui.panels.settings_panel — Pantalla completa: True
2026-06-28 15:08:00,547 INFO ui.panels.settings_panel — Pantalla completa: False
2026-06-28 15:08:02,807 INFO ui.main_window — Campana de notificaciones clickeada
2026-06-28 15:08:03,494 INFO ui.main_window — Campana de notificaciones clickeada
2026-06-28 15:08:03,956 INFO ui.main_window — Campana de notificaciones clickeada
2026-06-28 15:08:18,632 INFO __main__ — Cerrando IoT Estación Base
2026-06-28 15:08:19,649 INFO __main__ — IoT Estación Base cerrada
